2025-10-15 11:33:10,208 - __main__ - INFO - Starting shark0locker in headless mode...
2025-10-15 11:33:10,211 - __main__ - ERROR - Fatal error: attempted relative import beyond top-level package
Traceback (most recent call last):
  File "/workspace/shark0locker/start_headless.py", line 54, in main
    from core.trading_system import TradingSystem
  File "/workspace/shark0locker/core/trading_system.py", line 11, in <module>
    from ..api.tradelocker_client import TradeLockerClient
ImportError: attempted relative import beyond top-level package
2025-10-15 11:33:10,212 - __main__ - INFO - Cleaning up...
2025-10-15 11:33:10,212 - __main__ - INFO - ✅ Shutdown complete
2025-10-15 11:33:26,573 - __main__ - INFO - Starting shark0locker in headless mode...
2025-10-15 11:33:26,884 - __main__ - INFO - Initializing trading system...
2025-10-15 11:33:26,884 - core.trading_system - INFO - Initializing shark0locker trading system...
2025-10-15 11:33:27,710 - api.tradelocker_client - ERROR - Authentication failed: 
2025-10-15 11:33:27,710 - api.tradelocker_client - ERROR - Authentication error: Auth failed: 
2025-10-15 11:33:27,710 - __main__ - ERROR - Fatal error: Auth failed: 
Traceback (most recent call last):
  File "/workspace/shark0locker/start_headless.py", line 61, in main
    await trading_system.initialize()
  File "/workspace/shark0locker/core/trading_system.py", line 62, in initialize
    await self.api_client.connect()
  File "/workspace/shark0locker/api/tradelocker_client.py", line 40, in connect
    await self.authenticate()
  File "/workspace/shark0locker/api/tradelocker_client.py", line 69, in authenticate
    raise Exception(f"Auth failed: {error}")
Exception: Auth failed: 
2025-10-15 11:33:27,711 - __main__ - INFO - Cleaning up...
2025-10-15 11:33:27,711 - core.trading_system - WARNING - Trading system is not running
2025-10-15 11:33:27,712 - core.trading_system - WARNING - Trading system is not running
2025-10-15 11:33:27,712 - api.tradelocker_client - INFO - Disconnected from TradeLocker
2025-10-15 11:33:27,712 - core.trading_system - INFO - Trading system shutdown complete
2025-10-15 11:33:27,712 - __main__ - INFO - Trading system shut down
2025-10-15 11:33:27,712 - __main__ - INFO - ✅ Shutdown complete
2025-10-15 11:33:50,406 - __main__ - INFO - Starting shark0locker in headless mode...
2025-10-15 11:33:50,636 - __main__ - INFO - Initializing trading system...
2025-10-15 11:33:50,636 - core.trading_system - INFO - Initializing shark0locker trading system...
2025-10-15 11:33:50,636 - api.tradelocker_client - INFO - Authenticating to TradeLocker API: https://api.tradelocker.com/auth/jwt/token
2025-10-15 11:33:50,636 - api.tradelocker_client - INFO - Email: tiggysurf@gmail.com, Server: GATESFX
2025-10-15 11:33:51,367 - api.tradelocker_client - INFO - Authentication response status: 404
2025-10-15 11:33:51,367 - api.tradelocker_client - INFO - Authentication response: 
2025-10-15 11:33:51,367 - api.tradelocker_client - ERROR - Authentication failed with status 404
2025-10-15 11:33:51,367 - api.tradelocker_client - ERROR - Response: 
2025-10-15 11:33:51,367 - api.tradelocker_client - ERROR - Authentication error: Auth failed (HTTP 404): 
2025-10-15 11:33:51,367 - __main__ - ERROR - Fatal error: Auth failed (HTTP 404): 
Traceback (most recent call last):
  File "/workspace/shark0locker/start_headless.py", line 61, in main
    await trading_system.initialize()
  File "/workspace/shark0locker/core/trading_system.py", line 62, in initialize
    await self.api_client.connect()
  File "/workspace/shark0locker/api/tradelocker_client.py", line 40, in connect
    await self.authenticate()
  File "/workspace/shark0locker/api/tradelocker_client.py", line 76, in authenticate
    raise Exception(f"Auth failed (HTTP {response.status}): {response_text[:200]}")
Exception: Auth failed (HTTP 404): 
2025-10-15 11:33:51,369 - __main__ - INFO - Cleaning up...
2025-10-15 11:33:51,369 - core.trading_system - WARNING - Trading system is not running
2025-10-15 11:33:51,369 - core.trading_system - WARNING - Trading system is not running
2025-10-15 11:33:51,369 - api.tradelocker_client - INFO - Disconnected from TradeLocker
2025-10-15 11:33:51,369 - core.trading_system - INFO - Trading system shutdown complete
2025-10-15 11:33:51,369 - __main__ - INFO - Trading system shut down
2025-10-15 11:33:51,369 - __main__ - INFO - ✅ Shutdown complete
2025-10-15 11:34:38,184 - __main__ - INFO - Starting shark0locker in DEMO mode...
2025-10-15 11:34:38,184 - __main__ - INFO - Initializing trading system...
2025-10-15 11:34:38,184 - core.trading_system - INFO - Initializing shark0locker trading system...
2025-10-15 11:34:38,184 - __main__ - INFO - [DEMO MODE] Connected to mock TradeLocker - Account: 1550788
2025-10-15 11:34:38,285 - core.trading_system - INFO - Initialized 3 scanners, 5 analyzers, 2 executors
2025-10-15 11:34:38,285 - __main__ - INFO - ✅ Trading system initialized (DEMO MODE)
2025-10-15 11:34:38,285 - __main__ - INFO - Starting Telegram bot...
2025-10-15 11:34:38,843 - httpx - INFO - HTTP Request: POST https://api.telegram.org/bot8109433790:AAEf4tMrbNaoHOvkK43flFwgeN5zz2TeD60/getMe "HTTP/1.1 200 OK"
2025-10-15 11:34:38,844 - telegram.ext.Application - INFO - Application started
2025-10-15 11:34:39,007 - httpx - INFO - HTTP Request: POST https://api.telegram.org/bot8109433790:AAEf4tMrbNaoHOvkK43flFwgeN5zz2TeD60/deleteWebhook "HTTP/1.1 200 OK"
2025-10-15 11:34:39,648 - httpx - INFO - HTTP Request: POST https://api.telegram.org/bot8109433790:AAEf4tMrbNaoHOvkK43flFwgeN5zz2TeD60/sendMessage "HTTP/1.1 200 OK"
2025-10-15 11:34:39,648 - utils.telegram_bot - INFO - Telegram bot started and polling for updates
2025-10-15 11:34:39,648 - __main__ - INFO - ✅ Telegram bot started
2025-10-15 11:34:49,502 - httpx - INFO - HTTP Request: POST https://api.telegram.org/bot8109433790:AAEf4tMrbNaoHOvkK43flFwgeN5zz2TeD60/getUpdates "HTTP/1.1 200 OK"
2025-10-15 11:34:55,146 - httpx - INFO - HTTP Request: POST https://api.telegram.org/bot8109433790:AAEf4tMrbNaoHOvkK43flFwgeN5zz2TeD60/getUpdates "HTTP/1.1 200 OK"
2025-10-15 11:35:01,024 - httpx - INFO - HTTP Request: POST https://api.telegram.org/bot8109433790:AAEf4tMrbNaoHOvkK43flFwgeN5zz2TeD60/getUpdates "HTTP/1.1 200 OK"
2025-10-15 11:35:01,025 - core.trading_system - INFO - 🦈 Starting shark0locker trading system... 🦈
2025-10-15 11:35:01,025 - agents.base_agent - INFO - Agent Scanner-1 started
2025-10-15 11:35:01,025 - agents.base_agent - INFO - Agent Scanner-2 started
2025-10-15 11:35:01,025 - agents.base_agent - INFO - Agent Scanner-3 started
2025-10-15 11:35:01,025 - agents.base_agent - INFO - Agent Analyzer-1 started
2025-10-15 11:35:01,025 - agents.base_agent - INFO - Agent Analyzer-2 started
2025-10-15 11:35:01,025 - agents.base_agent - INFO - Agent Analyzer-3 started
2025-10-15 11:35:01,025 - agents.base_agent - INFO - Agent Analyzer-4 started
2025-10-15 11:35:01,025 - agents.base_agent - INFO - Agent Analyzer-5 started
2025-10-15 11:35:01,025 - agents.base_agent - INFO - Agent Executor-1 started
2025-10-15 11:35:01,025 - agents.base_agent - INFO - Agent Executor-2 started
2025-10-15 11:35:01,025 - agents.base_agent - INFO - Agent PerformanceMonitor started
2025-10-15 11:35:01,025 - core.trading_system - INFO - 🦈 shark0locker is HUNTING! 🦈
2025-10-15 11:35:01,026 - agents.scanner_agent - INFO - Scanner-1 scanning 13 pairs
2025-10-15 11:35:01,026 - agents.scanner_agent - INFO - Scanner-2 scanning 13 pairs
2025-10-15 11:35:01,026 - agents.scanner_agent - INFO - Scanner-3 scanning 13 pairs
2025-10-15 11:35:01,026 - agents.analyzer_agent - INFO - Analyzer-1 ready for analysis
2025-10-15 11:35:01,026 - agents.analyzer_agent - INFO - Analyzer-2 ready for analysis
2025-10-15 11:35:01,026 - agents.analyzer_agent - INFO - Analyzer-3 ready for analysis
2025-10-15 11:35:01,026 - agents.analyzer_agent - INFO - Analyzer-4 ready for analysis
2025-10-15 11:35:01,026 - agents.analyzer_agent - INFO - Analyzer-5 ready for analysis
2025-10-15 11:35:01,026 - agents.executor_agent - INFO - Executor-1 ready to execute
2025-10-15 11:35:01,026 - agents.executor_agent - INFO - Executor-2 ready to execute
2025-10-15 11:35:01,026 - agents.performance_monitor - INFO - PerformanceMonitor monitoring performance
2025-10-15 11:35:01,026 - agents.performance_monitor - INFO - Initial balance: $1000.00
2025-10-15 11:35:01,026 - agents.performance_monitor - INFO - Performance: Balance: $1000.00 | PNL: $0.00 (0.00%) | Trades: 0 | Win Rate: 0.00%
2025-10-15 11:35:01,647 - httpx - INFO - HTTP Request: POST https://api.telegram.org/bot8109433790:AAEf4tMrbNaoHOvkK43flFwgeN5zz2TeD60/sendMessage "HTTP/1.1 200 OK"
2025-10-15 11:35:06,027 - agents.performance_monitor - INFO - Performance: Balance: $1000.00 | PNL: $0.00 (0.00%) | Trades: 0 | Win Rate: 0.00%
2025-10-15 11:35:11,028 - agents.performance_monitor - INFO - Performance: Balance: $1000.00 | PNL: $0.00 (0.00%) | Trades: 0 | Win Rate: 0.00%
2025-10-15 11:35:11,188 - httpx - INFO - HTTP Request: POST https://api.telegram.org/bot8109433790:AAEf4tMrbNaoHOvkK43flFwgeN5zz2TeD60/getUpdates "HTTP/1.1 200 OK"
2025-10-15 11:35:16,029 - agents.performance_monitor - INFO - Performance: Balance: $1000.00 | PNL: $0.00 (0.00%) | Trades: 0 | Win Rate: 0.00%
2025-10-15 11:35:21,030 - agents.performance_monitor - INFO - Performance: Balance: $1000.00 | PNL: $0.00 (0.00%) | Trades: 0 | Win Rate: 0.00%
2025-10-15 11:35:21,351 - httpx - INFO - HTTP Request: POST https://api.telegram.org/bot8109433790:AAEf4tMrbNaoHOvkK43flFwgeN5zz2TeD60/getUpdates "HTTP/1.1 200 OK"
2025-10-15 11:35:26,030 - agents.performance_monitor - INFO - Performance: Balance: $1000.00 | PNL: $0.00 (0.00%) | Trades: 0 | Win Rate: 0.00%
2025-10-15 11:35:31,031 - agents.performance_monitor - INFO - Performance: Balance: $1000.00 | PNL: $0.00 (0.00%) | Trades: 0 | Win Rate: 0.00%
2025-10-15 11:35:31,514 - httpx - INFO - HTTP Request: POST https://api.telegram.org/bot8109433790:AAEf4tMrbNaoHOvkK43flFwgeN5zz2TeD60/getUpdates "HTTP/1.1 200 OK"
2025-10-15 11:35:36,034 - agents.performance_monitor - INFO - Performance: Balance: $1000.00 | PNL: $0.00 (0.00%) | Trades: 0 | Win Rate: 0.00%
2025-10-15 11:35:41,036 - agents.performance_monitor - INFO - Performance: Balance: $1000.00 | PNL: $0.00 (0.00%) | Trades: 0 | Win Rate: 0.00%
2025-10-15 11:35:41,677 - httpx - INFO - HTTP Request: POST https://api.telegram.org/bot8109433790:AAEf4tMrbNaoHOvkK43flFwgeN5zz2TeD60/getUpdates "HTTP/1.1 200 OK"
2025-10-15 11:35:46,038 - agents.performance_monitor - INFO - Performance: Balance: $1000.00 | PNL: $0.00 (0.00%) | Trades: 0 | Win Rate: 0.00%
2025-10-15 11:35:51,039 - agents.performance_monitor - INFO - Performance: Balance: $1000.00 | PNL: $0.00 (0.00%) | Trades: 0 | Win Rate: 0.00%
2025-10-15 11:35:51,840 - httpx - INFO - HTTP Request: POST https://api.telegram.org/bot8109433790:AAEf4tMrbNaoHOvkK43flFwgeN5zz2TeD60/getUpdates "HTTP/1.1 200 OK"
2025-10-15 11:35:56,041 - agents.performance_monitor - INFO - Performance: Balance: $1000.00 | PNL: $0.00 (0.00%) | Trades: 0 | Win Rate: 0.00%
2025-10-15 11:36:01,042 - agents.performance_monitor - INFO - Performance: Balance: $1000.00 | PNL: $0.00 (0.00%) | Trades: 0 | Win Rate: 0.00%
2025-10-15 11:36:02,003 - httpx - INFO - HTTP Request: POST https://api.telegram.org/bot8109433790:AAEf4tMrbNaoHOvkK43flFwgeN5zz2TeD60/getUpdates "HTTP/1.1 200 OK"
2025-10-15 11:36:06,043 - agents.performance_monitor - INFO - Performance: Balance: $1000.00 | PNL: $0.00 (0.00%) | Trades: 0 | Win Rate: 0.00%
2025-10-15 11:36:11,044 - agents.performance_monitor - INFO - Performance: Balance: $1000.00 | PNL: $0.00 (0.00%) | Trades: 0 | Win Rate: 0.00%
2025-10-15 11:36:12,165 - httpx - INFO - HTTP Request: POST https://api.telegram.org/bot8109433790:AAEf4tMrbNaoHOvkK43flFwgeN5zz2TeD60/getUpdates "HTTP/1.1 200 OK"
2025-10-15 11:36:16,045 - agents.performance_monitor - INFO - Performance: Balance: $1000.00 | PNL: $0.00 (0.00%) | Trades: 0 | Win Rate: 0.00%
2025-10-15 11:36:21,046 - agents.performance_monitor - INFO - Performance: Balance: $1000.00 | PNL: $0.00 (0.00%) | Trades: 0 | Win Rate: 0.00%
2025-10-15 11:36:22,328 - httpx - INFO - HTTP Request: POST https://api.telegram.org/bot8109433790:AAEf4tMrbNaoHOvkK43flFwgeN5zz2TeD60/getUpdates "HTTP/1.1 200 OK"
2025-10-15 11:36:26,047 - agents.performance_monitor - INFO - Performance: Balance: $1000.00 | PNL: $0.00 (0.00%) | Trades: 0 | Win Rate: 0.00%
2025-10-15 11:36:31,048 - agents.performance_monitor - INFO - Performance: Balance: $1000.00 | PNL: $0.00 (0.00%) | Trades: 0 | Win Rate: 0.00%
2025-10-15 11:36:32,491 - httpx - INFO - HTTP Request: POST https://api.telegram.org/bot8109433790:AAEf4tMrbNaoHOvkK43flFwgeN5zz2TeD60/getUpdates "HTTP/1.1 200 OK"
2025-10-15 11:36:36,049 - agents.performance_monitor - INFO - Performance: Balance: $1000.00 | PNL: $0.00 (0.00%) | Trades: 0 | Win Rate: 0.00%
2025-10-15 11:36:41,050 - agents.performance_monitor - INFO - Performance: Balance: $1000.00 | PNL: $0.00 (0.00%) | Trades: 0 | Win Rate: 0.00%
2025-10-15 11:36:42,653 - httpx - INFO - HTTP Request: POST https://api.telegram.org/bot8109433790:AAEf4tMrbNaoHOvkK43flFwgeN5zz2TeD60/getUpdates "HTTP/1.1 200 OK"
2025-10-15 11:36:46,051 - agents.performance_monitor - INFO - Performance: Balance: $1000.00 | PNL: $0.00 (0.00%) | Trades: 0 | Win Rate: 0.00%
2025-10-15 11:36:51,052 - agents.performance_monitor - INFO - Performance: Balance: $1000.00 | PNL: $0.00 (0.00%) | Trades: 0 | Win Rate: 0.00%
2025-10-15 11:36:52,816 - httpx - INFO - HTTP Request: POST https://api.telegram.org/bot8109433790:AAEf4tMrbNaoHOvkK43flFwgeN5zz2TeD60/getUpdates "HTTP/1.1 200 OK"
2025-10-15 11:36:56,054 - agents.performance_monitor - INFO - Performance: Balance: $1000.00 | PNL: $0.00 (0.00%) | Trades: 0 | Win Rate: 0.00%
2025-10-15 11:37:01,055 - agents.performance_monitor - INFO - Performance: Balance: $1000.00 | PNL: $0.00 (0.00%) | Trades: 0 | Win Rate: 0.00%
2025-10-15 11:37:02,979 - httpx - INFO - HTTP Request: POST https://api.telegram.org/bot8109433790:AAEf4tMrbNaoHOvkK43flFwgeN5zz2TeD60/getUpdates "HTTP/1.1 200 OK"
2025-10-15 11:37:06,056 - agents.performance_monitor - INFO - Performance: Balance: $1000.00 | PNL: $0.00 (0.00%) | Trades: 0 | Win Rate: 0.00%
2025-10-15 11:37:11,057 - agents.performance_monitor - INFO - Performance: Balance: $1000.00 | PNL: $0.00 (0.00%) | Trades: 0 | Win Rate: 0.00%
2025-10-15 11:37:13,141 - httpx - INFO - HTTP Request: POST https://api.telegram.org/bot8109433790:AAEf4tMrbNaoHOvkK43flFwgeN5zz2TeD60/getUpdates "HTTP/1.1 200 OK"
2025-10-15 11:37:16,058 - agents.performance_monitor - INFO - Performance: Balance: $1000.00 | PNL: $0.00 (0.00%) | Trades: 0 | Win Rate: 0.00%
2025-10-15 11:37:21,059 - agents.performance_monitor - INFO - Performance: Balance: $1000.00 | PNL: $0.00 (0.00%) | Trades: 0 | Win Rate: 0.00%
2025-10-15 11:37:23,303 - httpx - INFO - HTTP Request: POST https://api.telegram.org/bot8109433790:AAEf4tMrbNaoHOvkK43flFwgeN5zz2TeD60/getUpdates "HTTP/1.1 200 OK"
2025-10-15 11:37:26,061 - agents.performance_monitor - INFO - Performance: Balance: $1000.00 | PNL: $0.00 (0.00%) | Trades: 0 | Win Rate: 0.00%
2025-10-15 11:37:31,062 - agents.performance_monitor - INFO - Performance: Balance: $1000.00 | PNL: $0.00 (0.00%) | Trades: 0 | Win Rate: 0.00%
2025-10-15 11:37:33,466 - httpx - INFO - HTTP Request: POST https://api.telegram.org/bot8109433790:AAEf4tMrbNaoHOvkK43flFwgeN5zz2TeD60/getUpdates "HTTP/1.1 200 OK"
2025-10-15 11:37:36,062 - agents.performance_monitor - INFO - Performance: Balance: $1000.00 | PNL: $0.00 (0.00%) | Trades: 0 | Win Rate: 0.00%
2025-10-15 11:37:41,064 - agents.performance_monitor - INFO - Performance: Balance: $1000.00 | PNL: $0.00 (0.00%) | Trades: 0 | Win Rate: 0.00%
2025-10-15 11:37:43,629 - httpx - INFO - HTTP Request: POST https://api.telegram.org/bot8109433790:AAEf4tMrbNaoHOvkK43flFwgeN5zz2TeD60/getUpdates "HTTP/1.1 200 OK"
2025-10-15 11:37:46,065 - agents.performance_monitor - INFO - Performance: Balance: $1000.00 | PNL: $0.00 (0.00%) | Trades: 0 | Win Rate: 0.00%
2025-10-15 11:37:51,065 - agents.performance_monitor - INFO - Performance: Balance: $1000.00 | PNL: $0.00 (0.00%) | Trades: 0 | Win Rate: 0.00%
2025-10-15 11:37:53,791 - httpx - INFO - HTTP Request: POST https://api.telegram.org/bot8109433790:AAEf4tMrbNaoHOvkK43flFwgeN5zz2TeD60/getUpdates "HTTP/1.1 200 OK"
2025-10-15 11:37:56,066 - agents.performance_monitor - INFO - Performance: Balance: $1000.00 | PNL: $0.00 (0.00%) | Trades: 0 | Win Rate: 0.00%
2025-10-15 11:38:01,068 - agents.performance_monitor - INFO - Performance: Balance: $1000.00 | PNL: $0.00 (0.00%) | Trades: 0 | Win Rate: 0.00%
2025-10-15 11:38:03,953 - httpx - INFO - HTTP Request: POST https://api.telegram.org/bot8109433790:AAEf4tMrbNaoHOvkK43flFwgeN5zz2TeD60/getUpdates "HTTP/1.1 200 OK"
2025-10-15 11:38:06,069 - agents.performance_monitor - INFO - Performance: Balance: $1000.00 | PNL: $0.00 (0.00%) | Trades: 0 | Win Rate: 0.00%
2025-10-15 11:38:11,070 - agents.performance_monitor - INFO - Performance: Balance: $1000.00 | PNL: $0.00 (0.00%) | Trades: 0 | Win Rate: 0.00%
2025-10-15 11:38:14,115 - httpx - INFO - HTTP Request: POST https://api.telegram.org/bot8109433790:AAEf4tMrbNaoHOvkK43flFwgeN5zz2TeD60/getUpdates "HTTP/1.1 200 OK"
2025-10-15 11:38:16,073 - agents.performance_monitor - INFO - Performance: Balance: $1000.00 | PNL: $0.00 (0.00%) | Trades: 0 | Win Rate: 0.00%
2025-10-15 11:38:21,073 - agents.performance_monitor - INFO - Performance: Balance: $1000.00 | PNL: $0.00 (0.00%) | Trades: 0 | Win Rate: 0.00%
2025-10-15 11:38:24,278 - httpx - INFO - HTTP Request: POST https://api.telegram.org/bot8109433790:AAEf4tMrbNaoHOvkK43flFwgeN5zz2TeD60/getUpdates "HTTP/1.1 200 OK"
2025-10-15 11:38:26,074 - agents.performance_monitor - INFO - Performance: Balance: $1000.00 | PNL: $0.00 (0.00%) | Trades: 0 | Win Rate: 0.00%
2025-10-15 11:38:31,076 - agents.performance_monitor - INFO - Performance: Balance: $1000.00 | PNL: $0.00 (0.00%) | Trades: 0 | Win Rate: 0.00%
2025-10-15 11:38:34,440 - httpx - INFO - HTTP Request: POST https://api.telegram.org/bot8109433790:AAEf4tMrbNaoHOvkK43flFwgeN5zz2TeD60/getUpdates "HTTP/1.1 200 OK"
2025-10-15 11:38:36,076 - agents.performance_monitor - INFO - Performance: Balance: $1000.00 | PNL: $0.00 (0.00%) | Trades: 0 | Win Rate: 0.00%
2025-10-15 11:38:41,077 - agents.performance_monitor - INFO - Performance: Balance: $1000.00 | PNL: $0.00 (0.00%) | Trades: 0 | Win Rate: 0.00%
2025-10-15 11:38:44,602 - httpx - INFO - HTTP Request: POST https://api.telegram.org/bot8109433790:AAEf4tMrbNaoHOvkK43flFwgeN5zz2TeD60/getUpdates "HTTP/1.1 200 OK"
2025-10-15 11:38:46,077 - agents.performance_monitor - INFO - Performance: Balance: $1000.00 | PNL: $0.00 (0.00%) | Trades: 0 | Win Rate: 0.00%
2025-10-15 11:38:51,078 - agents.performance_monitor - INFO - Performance: Balance: $1000.00 | PNL: $0.00 (0.00%) | Trades: 0 | Win Rate: 0.00%
2025-10-15 11:38:54,768 - httpx - INFO - HTTP Request: POST https://api.telegram.org/bot8109433790:AAEf4tMrbNaoHOvkK43flFwgeN5zz2TeD60/getUpdates "HTTP/1.1 200 OK"
2025-10-15 11:38:56,080 - agents.performance_monitor - INFO - Performance: Balance: $1000.00 | PNL: $0.00 (0.00%) | Trades: 0 | Win Rate: 0.00%
2025-10-15 11:39:01,081 - agents.performance_monitor - INFO - Performance: Balance: $1000.00 | PNL: $0.00 (0.00%) | Trades: 0 | Win Rate: 0.00%
2025-10-15 11:39:04,930 - httpx - INFO - HTTP Request: POST https://api.telegram.org/bot8109433790:AAEf4tMrbNaoHOvkK43flFwgeN5zz2TeD60/getUpdates "HTTP/1.1 200 OK"
2025-10-15 11:39:06,082 - agents.performance_monitor - INFO - Performance: Balance: $1000.00 | PNL: $0.00 (0.00%) | Trades: 0 | Win Rate: 0.00%
2025-10-15 11:39:11,083 - agents.performance_monitor - INFO - Performance: Balance: $1000.00 | PNL: $0.00 (0.00%) | Trades: 0 | Win Rate: 0.00%
2025-10-15 11:39:12,732 - __main__ - INFO - Received signal 2
2025-10-15 11:39:12,733 - __main__ - INFO - 🛑 Initiating shutdown...
2025-10-15 11:39:12,733 - __main__ - INFO - Cleaning up...
2025-10-15 11:39:12,733 - core.trading_system - INFO - 🛑 Stopping shark0locker trading system... 🛑
2025-10-15 11:39:12,733 - agents.base_agent - INFO - Agent Scanner-1 stopped
2025-10-15 11:39:12,733 - agents.base_agent - INFO - Agent Scanner-2 stopped
2025-10-15 11:39:12,733 - agents.base_agent - INFO - Agent Scanner-3 stopped
2025-10-15 11:39:12,733 - agents.base_agent - INFO - Agent Analyzer-1 stopped
2025-10-15 11:39:12,733 - agents.base_agent - INFO - Agent Analyzer-2 stopped
2025-10-15 11:39:12,733 - agents.base_agent - INFO - Agent Analyzer-3 stopped
2025-10-15 11:39:12,733 - agents.base_agent - INFO - Agent Analyzer-4 stopped
2025-10-15 11:39:12,733 - agents.base_agent - INFO - Agent Analyzer-5 stopped
2025-10-15 11:39:12,733 - agents.base_agent - INFO - Agent Executor-1 stopped
2025-10-15 11:39:12,733 - agents.base_agent - INFO - Agent Executor-2 stopped
2025-10-15 11:39:12,733 - agents.base_agent - INFO - Agent PerformanceMonitor stopped
2025-10-15 11:39:12,733 - __main__ - INFO - [DEMO MODE] Closed 0 positions
2025-10-15 11:39:12,734 - core.trading_system - INFO - 🛑 shark0locker stopped 🛑
2025-10-15 11:39:12,734 - core.trading_system - WARNING - Trading system is not running
2025-10-15 11:39:12,734 - __main__ - INFO - [DEMO MODE] Disconnected
2025-10-15 11:39:12,734 - core.trading_system - INFO - Trading system shutdown complete
2025-10-15 11:39:12,734 - __main__ - INFO - Trading system shut down
2025-10-15 11:39:13,382 - httpx - INFO - HTTP Request: POST https://api.telegram.org/bot8109433790:AAEf4tMrbNaoHOvkK43flFwgeN5zz2TeD60/sendMessage "HTTP/1.1 200 OK"
2025-10-15 11:39:13,877 - httpx - INFO - HTTP Request: POST https://api.telegram.org/bot8109433790:AAEf4tMrbNaoHOvkK43flFwgeN5zz2TeD60/getUpdates "HTTP/1.1 200 OK"
2025-10-15 11:39:13,878 - telegram.ext.Application - INFO - Application is stopping. This might take a moment.
2025-10-15 11:39:13,878 - telegram.ext.Application - INFO - Application.stop() complete
2025-10-15 11:39:13,878 - utils.telegram_bot - INFO - Telegram bot stopped
2025-10-15 11:39:13,878 - __main__ - INFO - Telegram bot stopped
2025-10-15 11:39:13,878 - __main__ - INFO - ✅ Shutdown complete
2025-10-15 11:39:15,942 - __main__ - INFO - Starting shark0locker in headless mode...
2025-10-15 11:39:16,270 - __main__ - INFO - Initializing trading system...
2025-10-15 11:39:16,270 - core.trading_system - INFO - Initializing shark0locker trading system...
2025-10-15 11:39:16,270 - api.tradelocker_client - INFO - Authenticating to TradeLocker API: https://api.tradelocker.com/auth/jwt/token
2025-10-15 11:39:16,270 - api.tradelocker_client - INFO - Email: tiggysurf@gmail.com, Server: GATESFX
2025-10-15 11:39:17,073 - api.tradelocker_client - INFO - Authentication response status: 404
2025-10-15 11:39:17,073 - api.tradelocker_client - INFO - Authentication response: 
2025-10-15 11:39:17,073 - api.tradelocker_client - ERROR - Authentication failed with status 404
2025-10-15 11:39:17,073 - api.tradelocker_client - ERROR - Response: 
2025-10-15 11:39:17,073 - api.tradelocker_client - ERROR - Authentication error: Auth failed (HTTP 404): 
2025-10-15 11:39:17,073 - __main__ - ERROR - Fatal error: Auth failed (HTTP 404): 
Traceback (most recent call last):
  File "/workspace/shark0locker/start_headless.py", line 61, in main
    await trading_system.initialize()
  File "/workspace/shark0locker/core/trading_system.py", line 62, in initialize
    await self.api_client.connect()
  File "/workspace/shark0locker/api/tradelocker_client.py", line 40, in connect
    await self.authenticate()
  File "/workspace/shark0locker/api/tradelocker_client.py", line 77, in authenticate
    raise Exception(f"Auth failed (HTTP {response.status}): {response_text[:200]}")
Exception: Auth failed (HTTP 404): 
2025-10-15 11:39:17,075 - __main__ - INFO - Cleaning up...
2025-10-15 11:39:17,075 - core.trading_system - WARNING - Trading system is not running
2025-10-15 11:39:17,075 - core.trading_system - WARNING - Trading system is not running
2025-10-15 11:39:17,075 - api.tradelocker_client - INFO - Disconnected from TradeLocker
2025-10-15 11:39:17,075 - core.trading_system - INFO - Trading system shutdown complete
2025-10-15 11:39:17,075 - __main__ - INFO - Trading system shut down
2025-10-15 11:39:17,075 - __main__ - INFO - ✅ Shutdown complete
2025-10-15 11:39:41,510 - __main__ - INFO - Starting shark0locker in headless mode...
2025-10-15 11:39:41,724 - __main__ - INFO - Initializing trading system...
2025-10-15 11:39:41,724 - core.trading_system - INFO - Initializing shark0locker trading system...
2025-10-15 11:39:41,724 - api.tradelocker_client - INFO - Authenticating to TradeLocker API: https://demo.tradelocker.com/backend-api/auth/jwt/token
2025-10-15 11:39:41,724 - api.tradelocker_client - INFO - Email: tiggysurf@gmail.com, Server: GATESFX
2025-10-15 11:39:42,115 - api.tradelocker_client - INFO - Authentication response status: 201
2025-10-15 11:39:42,115 - api.tradelocker_client - INFO - Authentication response: {"accessToken":"eyJhbGciOiJSUzI1NiIsInR5cCI6IkpXVCJ9.eyJpc3MiOiJ0cmFkZWxvY2tlci1hcGkiLCJhdWQiOiJ0cmFkZWxvY2tlci1hcGktdHJhZGVycyIsInR5cGUiOiJhY2Nlc3NfdG9rZW4iLCJzdWIiOiJHQVRFU0ZYIzcyMGU2MjNjLTJkMGItNGQ1My04MDVkLTBkYzQ2ODk1OGNmMyIsInVpZCI6IjcyMGU2MjNjLTJkMGItNGQ1My04MDVkLTBkYzQ2ODk1OGNmMyIsImJyYW5kIjoiR0FURVNGWCIsImhvc3QiOiJic2IudHJhZGVsb2NrZXIuY29tIiwiZW1haWwiOiJ0aWdneXN1cmZAZ21haWwuY29tIiwiaWF0IjoxNzYwNTI4MzgyLCJleHAiOjE3NjA1MzE5ODJ9.h9OH2_4hRm2C1KKoHJwlj12TMarhzP3kUbPfLW-_6rpw4QuZk5eo5ZJF5o9LNb
2025-10-15 11:39:42,115 - api.tradelocker_client - INFO - ✅ Authentication successful! Account: 1550788
2025-10-15 11:39:42,115 - api.tradelocker_client - INFO - Connected to TradeLocker - Account: 1550788
2025-10-15 11:39:42,115 - core.trading_system - INFO - Initialized 3 scanners, 5 analyzers, 2 executors
2025-10-15 11:39:42,115 - __main__ - INFO - ✅ Trading system initialized
2025-10-15 11:39:42,115 - __main__ - INFO - Starting Telegram bot...
2025-10-15 11:39:42,665 - httpx - INFO - HTTP Request: POST https://api.telegram.org/bot8109433790:AAEf4tMrbNaoHOvkK43flFwgeN5zz2TeD60/getMe "HTTP/1.1 200 OK"
2025-10-15 11:39:42,666 - telegram.ext.Application - INFO - Application started
2025-10-15 11:39:42,827 - httpx - INFO - HTTP Request: POST https://api.telegram.org/bot8109433790:AAEf4tMrbNaoHOvkK43flFwgeN5zz2TeD60/deleteWebhook "HTTP/1.1 200 OK"
2025-10-15 11:39:43,449 - httpx - INFO - HTTP Request: POST https://api.telegram.org/bot8109433790:AAEf4tMrbNaoHOvkK43flFwgeN5zz2TeD60/sendMessage "HTTP/1.1 200 OK"
2025-10-15 11:39:43,450 - utils.telegram_bot - INFO - Telegram bot started and polling for updates
2025-10-15 11:39:43,450 - __main__ - INFO - ✅ Telegram bot started
2025-10-15 11:39:43,450 - __main__ - INFO - System ready. Waiting for commands via Telegram...
2025-10-15 11:39:53,321 - httpx - INFO - HTTP Request: POST https://api.telegram.org/bot8109433790:AAEf4tMrbNaoHOvkK43flFwgeN5zz2TeD60/getUpdates "HTTP/1.1 200 OK"
2025-10-15 11:40:03,483 - httpx - INFO - HTTP Request: POST https://api.telegram.org/bot8109433790:AAEf4tMrbNaoHOvkK43flFwgeN5zz2TeD60/getUpdates "HTTP/1.1 200 OK"
2025-10-15 11:40:13,649 - httpx - INFO - HTTP Request: POST https://api.telegram.org/bot8109433790:AAEf4tMrbNaoHOvkK43flFwgeN5zz2TeD60/getUpdates "HTTP/1.1 200 OK"
2025-10-15 11:40:23,812 - httpx - INFO - HTTP Request: POST https://api.telegram.org/bot8109433790:AAEf4tMrbNaoHOvkK43flFwgeN5zz2TeD60/getUpdates "HTTP/1.1 200 OK"
