
╔═══════════════════════════════════════════════════════════════╗
║                                                               ║
║    🦈  SHARK0LOCKER - WORKING DEMO  🦈                       ║
║                                                               ║
║      ✅ FULLY FUNCTIONAL - TRADING EVERY 10-30 SEC ✅         ║
║                                                               ║
╚═══════════════════════════════════════════════════════════════╝
    
2025-10-15 13:06:28,885 - INFO - Starting WORKING shark0locker demo...
2025-10-15 13:06:29,425 - INFO - HTTP Request: POST https://api.telegram.org/bot8109433790:AAEf4tMrbNaoHOvkK43flFwgeN5zz2TeD60/getMe "HTTP/1.1 200 OK"
2025-10-15 13:06:29,425 - INFO - Application started
2025-10-15 13:06:29,587 - INFO - HTTP Request: POST https://api.telegram.org/bot8109433790:AAEf4tMrbNaoHOvkK43flFwgeN5zz2TeD60/deleteWebhook "HTTP/1.1 200 OK"
2025-10-15 13:06:30,255 - INFO - HTTP Request: POST https://api.telegram.org/bot8109433790:AAEf4tMrbNaoHOvkK43flFwgeN5zz2TeD60/sendMessage "HTTP/1.1 200 OK"
2025-10-15 13:06:30,256 - INFO - ✅ Bot ready - waiting for /start command

======================================================================
✅ SHARK0LOCKER DEMO READY!
======================================================================

📱 Send /start via Telegram to begin trading!
   You'll see trades every 10-30 seconds

Press Ctrl+C to stop
======================================================================

2025-10-15 13:06:37,873 - INFO - HTTP Request: POST https://api.telegram.org/bot8109433790:AAEf4tMrbNaoHOvkK43flFwgeN5zz2TeD60/getUpdates "HTTP/1.1 200 OK"
2025-10-15 13:06:37,874 - INFO - 🦈 SHARK ACTIVATED - Starting to hunt!
2025-10-15 13:06:38,495 - INFO - HTTP Request: POST https://api.telegram.org/bot8109433790:AAEf4tMrbNaoHOvkK43flFwgeN5zz2TeD60/sendMessage "HTTP/1.1 200 OK"
2025-10-15 13:06:48,037 - INFO - HTTP Request: POST https://api.telegram.org/bot8109433790:AAEf4tMrbNaoHOvkK43flFwgeN5zz2TeD60/getUpdates "HTTP/1.1 200 OK"
2025-10-15 13:06:58,201 - INFO - HTTP Request: POST https://api.telegram.org/bot8109433790:AAEf4tMrbNaoHOvkK43flFwgeN5zz2TeD60/getUpdates "HTTP/1.1 200 OK"
